com\sara\controller\HomeController$1.class
com\sara\entity\VolunteerAssignment.class
com\sara\controller\AdminController.class
com\sara\controller\VolunteerController.class
com\sara\entity\Resource$ResourceStatus.class
com\sara\entity\User.class
com\sara\repository\UserRepository.class
com\sara\repository\VolunteerAssignmentRepository.class
com\sara\config\SecurityConfig.class
com\sara\controller\DonorController.class
com\sara\controller\AuthController.class
com\sara\entity\Request$RequestStatus.class
com\sara\service\VolunteerService.class
com\sara\service\ResourceService.class
com\sara\service\CustomUserDetailsService.class
com\sara\entity\Resource$ResourceType.class
com\sara\entity\Request.class
com\sara\repository\ResourceRepository.class
com\sara\entity\User$UserRole.class
com\sara\controller\VictimController.class
com\sara\repository\RequestRepository.class
com\sara\entity\Request$UrgencyLevel.class
com\sara\service\UserService.class
com\sara\SaraApplication.class
com\sara\controller\HomeController.class
com\sara\service\RequestService.class
com\sara\entity\Resource.class
com\sara\entity\VolunteerAssignment$AssignmentStatus.class
