C:\Users\USER\sara 2\src\main\java\com\sara\config\SecurityConfig.java
C:\Users\USER\sara 2\src\main\java\com\sara\controller\AdminController.java
C:\Users\USER\sara 2\src\main\java\com\sara\controller\AuthController.java
C:\Users\USER\sara 2\src\main\java\com\sara\controller\DonorController.java
C:\Users\USER\sara 2\src\main\java\com\sara\controller\HomeController.java
C:\Users\USER\sara 2\src\main\java\com\sara\controller\VictimController.java
C:\Users\USER\sara 2\src\main\java\com\sara\controller\VolunteerController.java
C:\Users\USER\sara 2\src\main\java\com\sara\entity\Request.java
C:\Users\USER\sara 2\src\main\java\com\sara\entity\Resource.java
C:\Users\USER\sara 2\src\main\java\com\sara\entity\User.java
C:\Users\USER\sara 2\src\main\java\com\sara\entity\VolunteerAssignment.java
C:\Users\USER\sara 2\src\main\java\com\sara\repository\RequestRepository.java
C:\Users\USER\sara 2\src\main\java\com\sara\repository\ResourceRepository.java
C:\Users\USER\sara 2\src\main\java\com\sara\repository\UserRepository.java
C:\Users\USER\sara 2\src\main\java\com\sara\repository\VolunteerAssignmentRepository.java
C:\Users\USER\sara 2\src\main\java\com\sara\SaraApplication.java
C:\Users\USER\sara 2\src\main\java\com\sara\service\CustomUserDetailsService.java
C:\Users\USER\sara 2\src\main\java\com\sara\service\RequestService.java
C:\Users\USER\sara 2\src\main\java\com\sara\service\ResourceService.java
C:\Users\USER\sara 2\src\main\java\com\sara\service\UserService.java
C:\Users\USER\sara 2\src\main\java\com\sara\service\VolunteerService.java
